[    0.000000] Initializing cgroup subsys cpuset
[    0.000000] Intializing cgrup subs cpu
[    0.000000] Iniializing cgroup subsys cpuacct
[    0.000000] Linux version 4.4.0-130-generic (buildd@lgw01-amd64-039) (gcc version 5.4.0 20160609 (Ubuntu 5.4.0-6ubuntu1~16.04.9) ) #156-Ubuntu SMP Thu Jun 14 08:53:28 UTC 2018 (Ubuntu 4.4.0-130.156-generic 4.4.134)
[    0.000000] Command line: BOOT_IMAGE=/boot/vmlinuz-4.4.0-130-generic root=LABEL=cloudimg-rootfs ro console=tty1 console=ttyS0
[    0.000000] KERNEL supported cpus:
[    0.000000]   Intel GenuineIntel
[    0.000000]   AMD AuthenticAMD
[    0.000000]   Centaur CentaurHauls
[    0.000000] x86/fpu: xstate_offst[2]:  576, xstate_sizes[2]:  256
[    0.000000] x86/fpu: Supportin XSAVE featre 0x01: 'x87 floating poin regiser'
[    0.000000] x86/fpu: pporting XSAV feture 0x02: SSE registers'
[    0.000000]x86/fpu: Supporting XSAVE feature 0x04: 'AVX registers'[    0.000000] x86/fpuEnabled xstate features 0x7, cotext size is 832 bytes, using 'standard' format.[    0.000000] x86/fpu: Using 'eager' FPU context switches.
[    0.000000] e820: BIOS-provided physical RAM map:
[    0.000000] BIOS-e820: [mem 0x0000000000000000-0x000000000009fbff] usable
[    0.000000] BIOS-e820: [mem 0x000000000009fc00-0x000000000009ffff] reserved
[    0.000000] BIOS-e820: [mem 0x00000000000f0000-0x00000000000fffff] reserved
[   0.0000] BIOS-e820: em0x0000000000100000-0x000000003ffeffff] sale
[    0.000000] BIOS-e820: [mem 0x0000003fff0000-0x0000000003ffff] ACPI data
[    0.000000] BIOS-e820: [mem 0x00000000fec00000-0x00000000fec00fff] reserved
[    0.000000] BIOS-e820: [mem 0x00000000fee00000-0x00000000fee00fff] reserved
[    0.000000] BIOS-e820: [mem 0x00000000fffc0000-0x000000fffffff] resered
[    0.0000]NX (Execute Disable) roecion: active
[    0.0000] SMBIOS 2.5 present.
[    0.000000] Hypervisor detected: KVM
[    0.000000] e820: last_pfn = 0x3fff0 max_arch_pfn  0400000000
[   0.00000] MTRR: Diabd
[    0.000000] x86/PAT: MTRRs disable, skipping PAT initialization too.
[    0.00000] CPU MTRRs all bla -virtualiz system.
[   0.000000] x/PAT: Configuration [0-7]: WB  WT U- C  WB  WT  UC- UC  
[    0.00000] found SMP MPtable at [mem 0x000ff0-x0009ffff] mppd t [ffff80000fff0][   0.000000] Scanning1 reasfor low memory corruption
[    .0000] RAMDISK: [mem 0x36aa00-0x3754ff
[    0.000000] ACPI:Ealytable checksum vriicaton disabled
[    000000] ACPI: RSDP 0x00000000000E0000 000024 (v02 VBOX  )
[    0.000000] ACPI: XSDT 0x000000003FFF0030 00003C (v01 VBOX   VBOXXSDT 00000001 ASL  00000061)
[    0.000000] ACPI: FACP 0x000000003FFF00F0 0000F4 (v04 VBOX   VBOXFACP 00000001 ASL  00000061)
[    0.000000] ACPI: DSDT 0x000000003FFF0470 0021FF (v02 VBOX   VBOXBIOS 00000002 INTL 20100528)
[    0.000000] ACPI: FACS 0x000000003FFF0200 000040
[    0.000000] ACPI: FACS 0x000000003FFF0200 000040
[    0.000000] ACPI: APIC 0x000000003FFF0240 00005C (v02 VBOX   VBOXAPIC 00000001 ASL  00000061)
[    0.000000] ACPI: SSDT 0x000000003FFF02A0 0001C (v01 VBOX   VBOXCPUT 00000002 INTL 20100528)
[    0.000000] No NUMA configuration found
[    0.000000] Fakinga nod a [mem 0x0000000000000-0x000000003ffeffff]
[    0.000000] NODE_DATA(0) allocated [mem 0x3ffeb000-03ffeffff]
[   0.00000] kvm-clock: Using msrs 4b564d01 and 456d0
[    0.000000] kvm-clock: cpu0, msr0:3ffe301, primary cpu clock
[    0.000000] kvm-clock: using schedofset of 4365519580 cycles
[    0.000000] clocksource: kvm-clock: mask: 0xffffffffffffffff max_cycles: 0x1cd42e4dffb, max_idle_ns: 881590591483 ns
[    0.000000] Zone ranges:
[    0.000000]   DMA      [mem 0x0000000000001000-0x0000000000ffffff]
[    0.000000]   DMA32    [mem 0x0000000001000000-0x000000003ffeffff]
[    0.000000]   Normal   empty
[    0.000000]   Device   empty
[    0.000000] Movable zone start for each node
[    0.000000] Early memory node ranges
[    0.000000]   node   0: [mem 0x0000000000001000-0x000000000009efff]
[    0.000000]   node   0: [mem 0x0000000000100000-0x000000003ffeffff]
[    0.000000] Initmem setup node 0 [mem 0x0000000000001000-0x000000003ffeffff]
[    0.000000] ACPI: PM-Timer IO Port: 0x4008
[    0.000000] IOAPIC[0]: apic_id 2, version 32, address 0xfec00000, GSI 0-23
[    0.000000] ACPI: INT_SRC_OVR (bus 0 bus_irq 0 global_irq 2 dfl dfl)
[    0.000000] ACPI: INT_SRC_OVR (bus 0 bus_irq 9 global_irq 9 low level)
[    0.000000] Using ACPI (MADT) for SMP configuration information
[    0.000000] smpboot: Allowing 2 CPUs, 0 hotplug CPUs
[    0.000000] PM: Registered nosave memory: [mem 0x00000000-0x00000fff]
[    0.000000] PM: Registered nosave memory: [mem 0x0009f000-0x0009ffff]
[    0.000000] PM: Registered nosave memory: [mem 0x000a0000-0x000effff]
[    0.000000] PM: Registered nosave memory: [mem 0x000f0000-0x000fffff]
[    0.000000] e820: [mem 0x40000000-0xfebfffff] available for PCI devices
[    0.000000] Booting paravirtualized kernel on KVM
[    0.000000] clocksource: refined-jiffies: mask: 0xffffffff max_cycles: 0xffffffff, max_idle_ns: 7645519600211568 ns
[    0.000000] setup_percpu: NR_CPUS:512 nr_cpumask_bits:512 nr_cpu_ids:2 nr_node_ids:1
[    0.000000] PERCPU: Embedded 34 pages/cpu @ffff88003fc00000 s99544 r8192 d31528 u1048576
[    0.000000] PV qspinlock hash table entries: 256 (order: 0, 4096 bytes)
[    0.000000] Built 1 zonelists in Node order, mobility grouping on.  Total pages: 257912
[    0.000000] Policy zone: DMA32
[    0.000000] Kernel command line: BOOT_IMAGE=/boot/vmlinuz-4.4.0-130-generic root=LABEL=cloudimg-rootfs ro console=tty1 console=ttyS0
[    0.000000] PID hash table entries: 4096 (order: 3, 32768 bytes)
[    0.000000] Memory: 1001612K/1048120K available (8546K kernel code, 1313K rwdata, 4000K rodata, 1516K init, 1316K bss, 46508K reserved, 0K cma-reserved)
[    0.000000] SLUB: HWalign=64, Order=0-3, MinObjects=0, CPUs=2, Nodes=1
[    0.000000] Kernel/User page tables isolation: enabled
[    0.000000] Hierarchical RCU implementation.
[    0.000000] 	Build-time adjustment of leaf fanout to 64.
[    0.000000] 	RCU restricting CPUs from NR_CPUS=512 to nr_cpu_ids=2.
[    0.000000] RCU: Adjusting geometry for rcu_fanout_leaf=64, nr_cpu_ids=2
[    0.000000] NR_IRQS:33024 nr_irqs:440 16
[    0.000000] Console: colour VGA+ 80x25
[    0.000000] console [tty1] enabled
[    0.000000] console [ttyS0] enable
[    0.000000] tsc: Detected 1599.999 MHz processor
[    2.825417] Calibrating delay loop (skipped) preset value.. 3199.99 BogoMIPS (lpj=6399996)
[    2.873613] pid_max: default: 32768 minimum: 301
[    2.904567] ACPI: Core revision 20150930
[    2.939775] ACPI: 2 ACPI AML tables successfully acquired and loaded
[    2.943429] Security Framework initialized
[    2.953090] Yama: becoming mindful.
[    2.965663] AppArmor: AppArmor initialized
[    2.989898] Dentry cache hash table entries: 131072 (order: 8, 1048576 bytes)
[    3.017250] Inode-cache hash table entries: 65536 (order: 7, 524288 bytes)
[    3.043154] Mount-cache hash table entries: 2048 (order: 2, 16384 bytes)
[    3.094112] Mountpoint-cache hash table entries: 2048 (order: 2, 16384 bytes)
[    3.146837] Initializing cgroup subsys io
[    3.169974] Initializing cgroup subsys memory
[    3.189652] Initializing cgroup subsys devices
[    3.193306] Initializing cgroup subsys freezer
[    3.194543] Initializing cgroup subsys net_cls
[    3.209930] Initializing cgroup subsys perf_event
[    3.223696] Initializing cgroup subsys net_prio
[    3.224938] Initializing cgroup subsys hugetlb
[    3.226275] Initializing cgroup subsys pids
[    3.244902] CPU: Physical Processor ID: 0
[    3.257797] CPU: Processor Core ID: 0
[    3.278356] mce: CPU supports 0 MCE banks
[    3.303388] Last level iTLB entries: 4KB 64, 2MB 8, 4MB 8
[    3.326291] Last level dTLB entries: 4KB 64, 2MB 0, 4MB 0, 1GB 4
[    3.362437] Spectre V2 : Mitigation: Full generic retpoline
[    3.405311] Spectre V2 : Speculation control IBPB not-supported IBRS not-supported
[    3.444868] Speculative Store Bypass: Vulnerable
[    3.465168] Freeing SMP alternatives memory: 32K
[    3.481228] ftrace: allocating 32245 entries in 126 pages
[    3.590852] smpboot: APIC(0) Converting physical 0 to logical package 0
[    3.605653] smpboot: Max logical packages: 1
[    3.610696] x2apic enabled
[    3.612669] Switched APIC routing to physical x2apic.
[    3.629465] ..TIMER: vector=0x30 apic1=0 pin1=2 apic2=-1 pin2=-1
[    3.745526] smpboot: CPU0: Intel(R) Core(TM) i5-5250U CPU @ 1.60GHz (family: 0x6, model: 0x3d, stepping: 0x4)
[    3.795302] Performance Events: unsupported p6 CPU model 61 no PMU driver, software events only.
[    3.803636] KVM setup paravirtual spinlock
[    3.805746] x86: Booting SMP configuration:
[    3.807180] .... node  #0, CPUs:      #1
[    3.808481] kvm-clock: cpu 1, msr 0:3ffe3041, secondary cpu clock
[    3.810757] mce: CPU supports 0 MCE banks
[    3.813575] x86: Booted up 1 node, 2 CPUs
[    3.826362] smpboot: Total of 2 processors activated (6399.99 BogoMIPS)
[    3.828554] devtmpfs: initialized
[    3.832142] evm: security.selinux
[    3.843086] evm: security.SMACK64
[    3.852034] evm: security.SMACK64EXEC
[    3.858492] evm: security.SMACK64TRANSMUTE
[    3.868338] evm: security.SMACK64MMAP
[    3.869364] evm: security.ima
[    3.870284] evm: security.capability
[    3.871600] clocksource: jiffies: mask: 0xffffffff max_cycles: 0xffffffff, max_idle_ns: 7645041785100000 ns
[    3.880051] futex hash table entries: 512 (order: 3, 32768 bytes)
[    3.890422] pinctrl core: initialized pinctrl subsystem
[    3.919001] RTC time: 10:14:43, date: 08/03/18
[    3.920601] NET: Registered protocol family 16
[    3.970144] cpuidle: using governor ladder
[    3.998199] cpuidle: using governor menu
[    4.007465] PCCT header not found.
[    4.009764] ACPI: bus type PCI registered
[    4.010836] acpiphp: ACPI Hot Plug PCI Controller Driver version: 0.5
[    4.012486] PCI: Using configuration type 1 for base access
[    4.063902] ACPI: Added _OSI(Module Device)
[    4.082593] ACPI: Added _OSI(Processor Device)
[    4.103890] ACPI: Added _OSI(3.0 _SCP Extensions)
[    4.125332] ACPI: Added _OSI(Processor Aggregator Device)
[    4.127673] ACPI: Executed 1 blocks of module-level executable AML code
[    4.131981] ACPI: Interpreter enabled
[    4.139334] ACPI: (supports S0 S5)
[    4.147859] ACPI: Using IOAPIC for interrupt routing
[    4.149330] PCI: Using host bridge windows from ACPI; if necessary, use "pci=nocrs" and report a bug
[    4.171510] ACPI: PCI Root Bridge [PCI0] (domain 0000 [bus 00-ff])
[    4.195208] acpi PNP0A03:00: _OSC: OS supports [ASPM ClockPM Segments MSI]
[    4.197078] acpi PNP0A03:00: _OSC: not requesting OS control; OS requires [ExtendedConfig ASPM ClockPM MSI]
[    4.226401] acpi PNP0A03:00: fail to add MMCONFIG information, can't access extended PCI configuration space under this bridge.
[    4.287157] PCI host bridge to bus 0000:00
[    4.315845] pci_bus 0000:00: root bus resource [io  0x0000-0x0cf7 window]
[    4.318184] pci_bus 0000:00: root bus resource [io  0x0d00-0xffff window]
[    4.320107] pci_bus 0000:00: root bus resource [mem 0x000a0000-0x000bffff window]
[    4.322888] pci_bus 0000:00: root bus resource [mem 0x40000000-0xfdffffff window]
[    4.325045] pci_bus 0000:00: root bus resource [bus 00-ff]
[    4.328681] pci 0000:00:01.1: legacy IDE quirk: reg 0x10: [io  0x01f0-0x01f7]
[    4.336179] pci 0000:00:01.1: legacy IDE quirk: reg 0x14: [io  0x03f6]
[    4.343637] pci 0000:00:01.1: legacy IDE quirk: reg 0x18: [io  0x0170-0x0177]
[    4.357807] pci 0000:00:01.1: legacy IDE quirk: reg 0x1c: [io  0x0376]
[    4.408102] pci 0000:00:07.0: quirk: [io  0x4000-0x403f] claimed by PIIX4 ACPI
[    4.446305] pci 0000:00:07.0: quirk: [io  0x4100-0x410f] claimed by PIIX4 SMB
[    4.462036] ACPI: PCI Interrupt Link [LNKA] (IRQs 5 9 10 *11)
[    4.487098] ACPI: PCI Interrupt Link [LNKB] (IRQs 5 9 *10 11)
[    4.519382] ACPI: PCI Interrupt Link [LNKC] (IRQs 5 *9 10 11)
[    4.521675] ACPI: PCI Interrupt Link [LNKD] (IRQs 5 9 10 *11)
[    4.526714] ACPI: Enabled 2 GPEs in block 00 to 07
[    4.559356] vgaarb: setting as boot device: PCI:0000:00:02.0
[    4.590860] vgaarb: device added: PCI:0000:00:02.0,decodes=io+mem,owns=io+mem,locks=none
[    4.635455] vgaarb: loaded
[    4.640536] vgaarb: bridge control possible 0000:00:02.0
[    4.642353] SCSI subsystem initialized
[    4.658418] ACPI: bus type USB registered
[    4.679745] usbcore: registered new interface driver usbfs
[    4.681252] usbcore: registered new interface driver hub
[    4.688166] usbcore: registered new device driver usb
[    4.692021] PCI: Using ACPI for IRQ routing
[    4.693685] NetLabel: Initializing
[    4.700602] NetLabel:  domain hash size = 128
[    4.715340] NetLabel:  protocols = UNLABELED CIPSOv4
[    4.725725] NetLabel:  unlabeled traffic allowed by default
[    4.732057] amd_nb: Cannot enumerate AMD northbridges
[    4.737686] clocksource: Switched to clocksource kvm-clock
[    4.786740] AppArmor: AppArmor Filesystem Enabled
[    4.788269] pnp: PnP ACPI init
[    4.79088] pp:Pn ACPI: und  dvies

[    50730] loksoure:aci_m:ma: xffff max_cyle: xfffff, max_idle_n: 08570102 n
[   .76531] NET: Registered protocol family 2

[    5.829387] TCP established shtaleenris: 892(order:4,6536byes
   6276360]TCP in hshtaleenris: 819 (rde: 5, 131072 bytes)
[    6.704019]CP Hash tables configured (established 819 bind 192)
   6.838278 UP hash table entries: 512 (order: 2, 16384 bytes)
[    6.947354] UDP-Lite hash table entries: 512 (order: 2, 16384 bytes)
[    6.949560] ET: Restere protco fmiy 
   72540] pci 0000:00:00.0: Limiting direct PCI/PCI transfers
[    7.378614] pci 0000:00:01.0: Activating ISA DMA hang workarounds
[    7.380234] Unpacking initramfs...

[    9.63520] rein inird memor 1904K

[    98620] AP PMU detected, API unit is 2^-32 Jouls,4 ixd ounters 10774820 s ovfltier
[  10.307111] hw unit of domain pp0-core 2^-0 Joules

[   10.334346] hw unit of domain package 2^-0 Joules
[   10.335946] hw unit of domain dram 2^-0 Joules
[   10.337214] hw unit of domain pp1-gpu 2^-0 Joules
[   10.338813] platform rtc_cmos: registered platform RTC device (no PNP device found)
[   10.340996] Scanning for low memory corruption every 60 seconds
[   10.343261] audit: initializing netlink subsys (disabled)
[   10.350455] audit: type=2000 audit(1533291290.973:1): initialized
[   10.352493] Initialise system trusted keyring
[   10.372493] HugeTLB registered 2 MB page size, pre-allocated 0 pages
[   10.405830] zbud: loaded
[   10.409206] VFS: Disk quotas dquot_6.6.0
[   10.459964] VFS: Dquot-cache hash table entries: 512 (order 0, 4096 bytes)
[   10.531582] squashfs: version 4.0 (2009/01/31) Phillip Lougher
[   10.541079] fuse init (API version 7.23)
[   10.542693] Key type big_key registered
[   10.544188] Allocating IMA MOK and blacklist keyrings.
[   10.569793] Key type asymmetric registered
[   10.570770] Asymmetric key parser 'x509' registered
[   10.604075] Block layer SCSI generic (bsg) driver version 0.4 loaded (major 249)
[   10.652756] io scheduler noop registered
[   10.663871] io scheduler deadline registered (default)
[   10.688104] io scheduler cfq registered
[   10.696142] pci_hotplug: PCI Hot Plug PCI Core version: 0.5
[   10.714672] pciehp: PCI Express Hot Plug Controller Driver version: 0.4
[   10.717455] ACPI: AC Adapter [AC] (on-line)
[   10.739519] input: Power Button as /devices/LNXSYSTM:00/LNXPWRBN:00/input/input0
[   10.741568] ACPI: Power Button [PWRF]
[   10.742670] input: Sleep Button as /devices/LNXSYSTM:00/LNXSLPBN:00/input/input1
[   10.785606] ACPI: Sleep Button [SLPF]
[   10.788158] ACPI: Battery Slot [BAT0] (battery present)
[   10.823947] GHES: HEST is not enabled!
[   10.853815] Serial: 8250/16550 driver, 32 ports, IRQ sharing enabled
[   10.886890] 00:02: ttyS0 at I/O 0x3f8 (irq = 4, base_baud = 115200) is a 16550A
[   10.925758] Linux agpgart interface v0.103
[   10.968262] loop: module loaded
[   11.016789] scsi host0: ata_piix
[   11.027482] scsi host1: ata_piix
[   11.075712] ata1: PATA max UDMA/33 cmd 0x1f0 ctl 0x3f6 bmdma 0xd000 irq 14
[   11.084478] ata2: PATA max UDMA/33 cmd 0x170 ctl 0x376 bmdma 0xd008 irq 15
[   11.086366] libphy: Fixed MDIO Bus: probed
[   11.095960] tun: Universal TUN/TAP device driver, 1.6
[   11.114947] tun: (C) 1999-2004 Max Krasnyansky <maxk@qualcomm.com>
[   11.133798] PPP generic driver version 2.4.2
[   11.134999] ehci_hcd: USB 2.0 'Enhanced' Host Controller (EHCI) Driver
[   11.153512] ehci-pci: EHCI PCI platform driver
[   11.190578] ehci-platform: EHCI generic platform driver
[   11.206646] ohci_hcd: USB 1.1 'Open' Host Controller (OHCI) Driver
[   11.208150] ohci-pci: OHCI PCI platform driver
[   11.209315] ohci-platform: OHCI generic platform driver
[   11.210655] uhci_hcd: USB Universal Host Controller Interface driver
[   11.212306] i8042: PNP: PS/2 Controller [PNP0303:PS2K,PNP0f03:PS2M] at 0x60,0x64 irq 1,12
[   11.273850] serio: i8042 KBD port at 0x60,0x64 irq 1
[   11.304030] serio: i8042 AUX port at 0x60,0x64 irq 12
[   11.316350] mousedev: PS/2 mouse device common for all mice
[   11.318440] input: AT Translated Set 2 keyboard as /devices/platform/i8042/serio0/input/input2
[   11.338168] tsc: Refined TSC clocksource calibration: 1600.778 MHz
[   11.338170] clocksource: tsc: mask: 0xffffffffffffffff max_cycles: 0x171303d262f, max_idle_ns: 440795205532 ns
[   11.435441] rtc_cmos rtc_cmos: rtc core: registered rtc_cmos as rtc0
[   11.435518] rtc_cmos rtc_cmos: alarms up to one day, 114 bytes nvram
[   11.435535] i2c /dev entries driver
[   11.435608] device-mapper: uevent: version 1.0.3
[   11.435681] device-mapper: ioctl: 4.34.0-ioctl (2015-10-28) initialised: dm-devel@redhat.com
[   11.435701] ledtrig-cpu: registered to indicate activity on CPUs
[   11.457635] NET: Registered protocol family 10
[   11.458013] NET: Registered protocol family 17
[   11.458035] Key type dns_resolver registered
[   11.458359] registered taskstats version 1
[   11.458381] Loading compiled-in X.509 certificates
[   11.459094] Loaded X.509 cert 'Build time autogenerated kernel key: b3e0fe4bcd6378c38a2c0a4648abbc1fa5043a22'
[   11.459114] zswap: loaded using pool lzo/zbud
[   11.461077] Key type trusted registered
[   11.465194] Key type encrypted registered
[   11.465202] AppArmor: AppArmor sha1 policy hashing enabled
[   11.465207] ima: No TPM chip found, activating TPM-bypass!
[   11.465212] ima: Allocated hash algorithm: sha1
[   11.465226] evm: HMAC attrs: 0x1
[   11.465823]   Magic number: 14:463:223
[   11.506683] rtc_cmos rtc_cmos: setting system clock to 2018-08-03 10:14:50 UTC (1533291290)
[   11.506839] BIOS EDD facility v0.16 2004-Jun-25, 0 devices found
[   11.506839] EDD information not available.
[   11.705204] Freeing unused kernel memory: 1516K
[   12.446468] Write protecting the kernel read-only data: 14336k
[   12.465652] Freeing unused kernel memory: 1680K
[   12.490924] Freeing unused kernel memory: 96K
Loading, please wait...
starting version 229
[   13.235706] random: systemd-udevd: uninitialized urandom read (16 bytes read, 7 bits of entropy available)
[   13.236362] random: udevadm: uninitialized urandom read (16 bytes read, 7 bits of entropy available)
[   13.236395] random: udevadm: uninitialized urandom read (16 bytes read, 7 bits of entropy available)
[   13.247547] random: udevadm: uninitialized urandom read (16 bytes read, 7 bits of entropy available)
[   13.247595] random: udevadm: uninitialized urandom read (16 bytes read, 7 bits of entropy available)
[   13.247740] random: udevadm: uninitialized urandom read (16 bytes read, 7 bits of entropy available)
[   13.247793] random: udevadm: uninitialized urandom read (16 bytes read, 7 bits of entropy available)
[   13.247844] random: udevadm: uninitialized urandom read (16 bytes read, 7 bits of entropy available)
[   13.247897] random: udevadm: uninitialized urandom read (16 bytes read, 7 bits of entropy available)
[   13.247945] random: udevadm: uninitialized urandom read (16 bytes read, 7 bits of entropy available)
[   13.429563] Fusion MPT base driver 3.04.20
[   13.430843] Copyright (c) 1999-2008 LSI Corporation
[   13.445202] e1000: Intel(R) PRO/1000 Network Driver - version 7.3.21-k8-NAPI
[   13.454620] e1000: Copyright (c) 1999-2006 Intel Corporation.
[   13.487319] Fusion MPT SPI Host driver 3.04.20
[   13.499175] mptbase: ioc0: Initiating bringup
[   13.510822] AVX2 version of gcm_enc/dec engaged.
[   13.526912] AES CTR mode by8 optimization enabled
[   13.574259] ioc0: LSI53C1030 A0: Capabilities={Initiator}
[   13.658448] input: ImExPS/2 Generic Explorer Mouse as /devices/platform/i8042/serio1/input/input4
[   13.791303] scsi host2: ioc0: LSI53C1030 A0, FwRev=00000000h, Ports=1, MaxQ=256, IRQ=20
[   13.930078] scsi 2:0:0:0: Direct-Access     VBOX     HARDDISK         1.0  PQ: 0 ANSI: 5
[   13.932825] scsi target2:0:0: Beginning Domain Validation
[   13.942199] scsi target2:0:0: Domain Validation skipping write tests
[   13.944181] scsi target2:0:0: Ending Domain Validation
[   13.946166] scsi target2:0:0: asynchronous
[   13.948310] scsi 2:0:1:0: Direct-Access     VBOX     HARDDISK         1.0  PQ: 0 ANSI: 5
[   13.968620] scsi target2:0:1: Beginning Domain Validation
[   13.972713] scsi target2:0:1: Domain Validation skipping write tests
[   13.980272] scsi target2:0:1: Ending Domain Validation
[   13.987191] scsi target2:0:1: asynchronous
[   14.002897] sd 2:0:0:0: Attached scsi generic sg0 type 0
[   14.005518] sd 2:0:0:0: [sda] 20971520 512-byte logical blocks: (10.7 GB/10.0 GiB)
[   14.008224] sd 2:0:1:0: Attached scsi generic sg1 type 0
[   14.010980] sd 2:0:1:0: [sdb] 20480 512-byte logical blocks: (10.5 MB/10.0 MiB)
[   14.013104] sd 2:0:0:0: [sda] Write Protect is off
[   14.025377] sd 2:0:1:0: [sdb] Write Protect is off
[   14.027049] sd 2:0:1:0: [sdb] Incomplete mode parameter data
[   14.028401] sd 2:0:1:0: [sdb] Assuming drive cache: write through
[   14.035443] sd 2:0:0:0: [sda] Incomplete mode parameter data
[   14.038219] sd 2:0:0:0: [sda] Assuming drive cache: write through
[   14.044731]  sda: sda1
[   14.046931] sd 2:0:1:0: [sdb] Attached SCSI disk
[   14.048679] sd 2:0:0:0: [sda] Attached SCSI disk
[   14.327365] e1000 0000:00:03.0 eth0: (PCI:33MHz:32-bit) 02:c5:fa:e6:4f:6d
[   14.353516] e1000 0000:00:03.0 eth0: Intel(R) PRO/1000 Network Connection
[   14.772260] e1000 0000:00:08.0 eth1: (PCI:33MHz:32-bit) 08:00:27:34:5b:a2
[   14.792145] e1000 0000:00:08.0 eth1: Intel(R) PRO/1000 Network Connection
[   14.819571] e1000 0000:00:03.0 enp0s3: renamed from eth0
[   14.854616] e1000 0000:00:08.0 enp0s8: renamed from eth1
Begin: Loading e[   16.326872] md: linear personality registered for level -1
ssential drivers[   16.351813] md: multipath personality registered for level -4
 ... [   16.403407] md: raid0 personality registered for level 0
[   16.438484] md: raid1 personality registered for level 1
[   16.509738] raid6: sse2x1   gen()  6846 MB/s
[   16.586024] raid6: sse2x1   xor()  5467 MB/s
[   16.673919] raid6: sse2x2   gen()  9260 MB/s
[   16.757890] raid6: sse2x2   xor()  5981 MB/s
[   16.837931] raid6: sse2x4   gen()  6276 MB/s
[   16.914272] raid6: sse2x4   xor()  7153 MB/s
[   16.986263] raid6: avx2x1   gen() 10618 MB/s
[   17.070241] raid6: avx2x2   gen() 16847 MB/s
[   17.145854] raid6: avx2x4   gen() 11618 MB/s
[   17.166687] raid6: using algorithm avx2x2 gen() 16847 MB/s
[   17.183333] raid6: using avx2x2 recovery algorithm
[   17.186434] xor: automatically using best checksumming function:
[   17.241762]    avx       : 21033.000 MB/sec
[   17.244213] async_tx: api initialized (async)
[   17.276604] md: raid6 personality registered for level 6
[   17.295741] md: raid5 personality registered for level 5
[   17.316768] md: raid4 personality registered for level 4
[   17.330147] md: raid10 personality registered for level 10
done.
Begin: Running /scripts/init-premount ... done.
Begin: Mounting root file system ... Begin: Running /scripts/local-top ... done.
Begin: Running /scripts/local-premount ... [   17.368516] Btrfs loaded
Scanning for Btrfs filesystems
done.
Warning: fsck not present, so skipping root file[   17.460057] EXT4-fs (sda1): mounted filesystem with ordered data mode. Opts: (null)
 system
done.
Begin: Running /scripts/local-bottom ... done.
Begin: Running /scripts/init-bottom ... done.
[   17.921409] systemd[1]: systemd 229 running in system mode. (+PAM +AUDIT +SELINUX +IMA +APPARMOR +SMACK +SYSVINIT +UTMP +LIBCRYPTSETUP +GCRYPT +GNUTLS +ACL +XZ -LZ4 +SECCOMP +BLKID +ELFUTILS +KMOD -IDN)
[   17.967148] systemd[1]: Detected virtualization oracle.
[   17.971260] systemd[1]: Detected architecture x86-64.

Welcome to [1mUbuntu 16.04.4 LTS[0m!

[   18.029467] systemd[1]: Set hostname to <ubuntu>.
[   18.051727] systemd[1]: Initializing machine ID from random generator.
[   18.096114] systemd[1]: Installed transient /etc/machine-id file.
[   18.807401] systemd[1]: Reached target Encrypted Volumes.
[[0;32m  OK  [0m] Reached target Encrypted Volumes.
[   18.859345] systemd[1]: Created slice User and Session Slice.
[[0;32m  OK  [0m] Created slice User and Session Slice.
[   18.918895] systemd[1]: Listening on Journal Socket (/dev/log).
[[0;32m  OK  [0m] Listening on Journal Socket (/dev/log).
[   18.991051] systemd[1]: Listening on Journal Socket.
[[0;32m  OK  [0m] Listening on Journal Socket.
[   19.058250] systemd[1]: Reached target Swap.
[[0;32m  OK  [0m] Reached target Swap.
[   19.126819] systemd[1]: Listening on Journal Audit Socket.
[[0;32m  OK  [0m] Listening on Journal Audit Socket.
[   19.198324] systemd[1]: Reached target User and Group Name Lookups.
[[0;32m  OK  [0m] Reached target User and Group Name Lookups.
[   19.243593] systemd[1]: Listening on udev Kernel Socket.
[[0;32m  OK  [0m] Listening on udev Kernel Socket.
[   19.286331] systemd[1]: Listening on udev Control Socket.
[[0;32m  OK  [0m] Listening on udev Control Socket.
[   19.330373] systemd[1]: Started Forward Password Requests to Wall Directory Watch.
[[0;32m  OK  [0m] Started Forward Password Requests to Wall Directory Watch.
[   19.340666] systemd[1]: Reached target System Time Synchronized.
[[0;32m  OK  [0m] Reached target System Time Synchronized.
[   19.361926] systemd[1]: Created slice System Slice.
[[0;32m  OK  [0m] Created slice System Slice.
[   19.393962] systemd[1]: Mounting POSIX Message Queue File System...
         Mounting POSIX Message Queue File System...
[   19.430114] systemd[1]: Starting Create list of required static device nodes for the current kernel...
         Starting Create list of required st... nodes for the current kernel...
[   19.502009] systemd[1]: Starting Set console keymap...
         Starting Set console keymap...
[   19.553948] systemd[1]: Starting Remount Root and Kernel File Systems...
[   19.562461] EXT4-fs (sda1): re-mounted. Opts: (null)
         Startin[   19.597909] random: nonblocking pool is initialized
g Remount Root and Kernel File Systems...
[   20.169963] systemd[1]: Mounting Huge Pages File System...
         Mounting Huge Pages File System...
[   20.210378] systemd[1]: Mounting Debug File System...
         Mounting Debug File System...
[   20.254133] systemd[1]: Starting Nameserver information manager...
         Starting Nameserver information manager...
[   20.286496] systemd[1]: Listening on Syslog Socket.
[[0;32m  OK  [0m] Listening on Syslog Socket.
[   20.370489] systemd[1]: Starting Journal Service...
         Starting Journal Service...
[   20.394245] systemd[1]: Listening on Device-mapper event daemon FIFOs.
[[0;32m  OK  [0m] Listening on Device-mapper event daemon FIFOs.
[   20.424021] systemd[1]: Reached target Slices.
[[0;32m  OK  [0m] Reached target Slices.
[   20.446346] systemd[1]: Started Trigger resolvconf update for networkd DNS.
[[0;32m  OK  [0m] Started Trigger resolvconf update for networkd DNS.
[   20.475864] systemd[1]: Created slice system-serial\x2dgetty.slice.
[[0;32m  OK  [0m] Created slice system-serial\x2dgetty.slice.
[   20.534012] systemd[1]: Starting Load Kernel Modules...
[   20.567176] Loading iSCSI transport class v2.0-870.
         Starting Load Kernel Mo[   20.584304] iscsi: registered transport (tcp)
dules...
[   20.604266] systemd[1]: Listening on LVM2 metadata daemon socket.
[[0;32m  OK  [0m] Listening on LVM2 metadata daemon socket.
[   20.670002] systemd[1]: Starting Monitoring of LVM2 mirrors, snapshots etc. using dmeventd or progress polling...
         Starting Monitoring of LVM2 mirrors... dmeventd or progress polling...
[   20.701194] systemd[1]: Listening on /dev/initctl Compatibility Named Pipe.
[   20.703322] iscsi: registered transport (iser)
[[0;32m  OK  [0m] Listening on /dev/initctl Compatibility Named Pipe.
[   20.750586] systemd[1]: Lstnig n VM2 poll daeonsoket.

[[0;32m  OK  [0m] Listening on LVM2 poll daemon socket.
[   20.974731] systemd[1]: Starting Uncomplicated firewall...
         Starting Uncomplicated firewall...
[   20.980437] systemd[1]: Set up automount Arbitrary Executable File Formats File System Automount Point.
[[0;32m  OK  [0m] Set up automount Arbitrary Executab...ats File System Automount Point.
[   21.084156] systemd[1]: Mounted POSIX Message Queue File System.
[[0;32m  OK  [0m] Mounted POSIX Message Queue File System.
[   21.144124 systemd[1]: ounted Huge Pags il System.
[[0;32m  OK  [0m] Mounted Huge Pages File System.
[   21.390659] systemd[1]: Mounted Debug File System.
[[0;32m  OK  [0m] Mounted Debug File System.
[   21.438917] systemd[1]: Started Journal Service.
[[0;32m  OK  [0m] Started Journal Service.
[[0;32m  OK  [0m] Started Create list of required sta...ce nodes for the current kernel.
[[0;32m  OK  [0m] Started Set console keymap.
[[0;32m  OK  [0m] Started Remount Root and Kernel File Systems.
[[0;32m  OK  [0m] Started Load Kernel Modules.
[[0;32m  OK  [0m] Started Uncomplicated firewall.
[[0;32m  OK  [0m] Started Nameserver information manager.
[[0;32m  OK  [0m] Started LVM2 metadata daemon.
         Mounting FUSE Control File System...
         Starting Apply Kernel Variables...
         Starting Load/Save Random Seed...
         Starting udev Coldplug all Devices...
         Starting Create Static Device Nodes in /dev...
         Starting Flush Journal to Persistent Storage...
[[0;32m  OK  [0m] Mounted FUSE Control File System.
[[0;32m  OK  [0m] Started Apply Kernel Variables.
[[0;32m  OK  [0m] Started Load/Save Random Seed.
[[0;32m  OK  [0m] Started Create Static Device Nodes in /dev.
[[0;32m  OK  [0m] Started Monitoring of LVM2 mirrors,...ng dmeventd or progress polling.
[[0;32m  OK  [0m] Started udev Coldplug all Devices.
[[0;32m  OK  [0m] Started Flush Journal to Persistent Storage.
         Starting udev Kernel Device Manager...
[[0;32m  OK  [0m] Started udev Kernel Device Manager.
[[0;32m  OK  [0m] Reached target Local File Systems (Pre).
[[0;32m  OK  [0m] Reached target Local File Systems.
         Starting Commit a transient machine-id on disk...
         Starting Set console font and keymap...
         Starting Initial cloud-init job (pre-networking)...
         Starting LSB: AppArmor initialization...
         Starting Create Volatile Files and Directories...
         Starting Tell Plymouth To Write Out Runtime Data...
[[0;32m  OK  [0m] Started Dispatch Password Requests to Console Directory Watch.
[[0;32m  OK  [0m] Started Commit a transient machine-id on disk.
[[0;32m  OK  [0m] Started Create Volatile Files and Directories.
[[0;32m  OK  [0m] Started Tell Plymouth To Write Out Runtime Data.
         Starting Update UTMP about System Boot/Shutdown...
[[0;32m  OK  [0m] Started Update UTMP about System Boot/Shutdown.
[[0;32m  OK  [0m] Found device /dev/ttyS0.
[[0;32m  OK  [0m] Listening on Load/Save RF Kill Switch Status /dev/rfkill Watch.
[[0;32m  OK  [0m] Started Set console font and keymap.
[[0;32m  OK  [0m] Started LSB: AppArmor initialization.
[[0;32m  OK  [0m] Created slice system-getty.slice.
[   20.855885] cloud-init[476]: Cloud-init v. 18.2 running 'init-local' at Fri, 03 Aug 2018 10:15:03 +0000. Up 20.33 seconds.
[[0;32m  OK  [0m] Started Initial cloud-init job (pre-networking).
[[0;32m  OK  [0m] Reached target Network (Pre).
         Starting Raise network interfaces...
[[0;32m  OK  [0m] Started Raise network interfaces.
         Starting Initial cloud-init job (metadata service crawler)...
[[0;32m  OK  [0m] Reached target Network.
[   22.815145] cloud-init[968]: Cloud-init v. 18.2 running 'init' at Fri, 03 Aug 2018 10:15:04 +0000. Up 21.73 seconds.
[   22.853784] cloud-init[968]: ci-info: ++++++++++++++++++++++++++++++++++++++Net device info++++++++++++++++++++++++++++++++++++++
[   22.929846] cloud-init[968]: ci-info: +--------+-------+----------------------------+---------------+-------+-------------------+
[[0;32m  OK  [0m] Started Initial cloud-init job (metadata service crawler).
[   22.983456] cloud-init[968]: ci-info: | Device |   Up  |          Address           |      Mask     | Scope |     Hw-Address    |
[   23.022634] cloud-init[968]: ci-info: +--------+-------+----------------------------+---------------+-------+-------------------+
[   23.023139] cloud-init[968]: ci-info: | enp0s3 |  True |         10.0.2.15          | 255.255.255.0 |   .   | 02:c5:fa:e6:4f:6d |
[[0;32m  OK  [0m] Reached target Network is Online.
[   23.023622] cloud-init[968]: ci-info: | enp0s3 |  True | fe80::c5:faff:fee6:4f6d/64 |       .       |  link | 02:c5:fa:e6:4f:6d |
[   23.236615]          cloud-initStarting iSCSI initiator daemon (iscsid)...
[968]: ci-info: | enp0s8 | False |             .              |       .       |   .   | 08:00:27:34:5b:a2 |
[[   23.340778] cloud-init[968]: ci-info: |   lo   |  True |         127.0.0.1          |   255.0.0.0   |   .   |         .         |
[0;32m  OK  [0m] Reached target System Initialization.
         [   23.341953] Starting Socket activation for snappy daemon.cloud-init
[968]: ci-info: |   lo   |  True |          ::1/128           |       .       |  host |         .         |
[[   23.439970] cloud-init[968]: ci-info: +--------+-------+----------------------------+---------------+-------+-------------------+
[   23.440513] cloud-init[968]: ci-info: +++++++++++++++++++++++++++Route IPv4 info++++++++++++++++++++++++++++
[   23.440873] cloud-init[968]: ci-info: +-------+-------------+----------+---------------+-----------+-------+
[   23.441219] cloud-init[968]: ci-info: | Route | Destination | Gateway  |    Genmask    | Interface | Flags |
[   23.441571] cloud-init[968]: ci-info: +-------+-------------+----------+---------------+-----------+-------+
[0;32m  OK  [0m] Listening on ACPID Listen Socket.
[   23.441860] cloud-init[968]: ci-info: |   0   |   0.0.0.0   | 10.0.2.2 |    0.0.0.0    |   enp0s3  |   UG  |
[   23.953569] cloud-init[968]: ci-info: |   1   |   10.0.2.0  | 0.0.0.0  | 255.255.255.0 |   enp0s3  |   U   |
[[0;32m  OK  [0m] Listening on D-Bus System Message Bus Socket.
[[   23.953745] cloud-init[968]: ci-info: +-------+-------------+----------+---------------+-----------+-------+
[0;32m  OK  [0m] Listening on UUID daemon activation socket.
[   24.031078] cloud-init[968]: Generating public/private rsa key pair.
[   24.132890] cloud-init[968]: Your identification has been saved in /etc/ssh/ssh_host_rsa_key.
[   24.133462] cloud-init[968]: Your public key has been saved in /etc/ssh/ssh_host_rsa_key.pub.
[   24.133713] cloud-init[968]: The key fingerprint is:
[   24.133956] cloud-init[968]: SHA256:+wzn6QIB28JQppS2lbxqNByvEPftwB3lH8nIVeR9Kgs root@ubuntu-xenial
[   24.134211] cloud-init[968]: The key's randomart image is:
[   24.134467] cloud-init[968]: +---[RSA 2048]----+
[   24.134724] cloud-init[968]: |  .+o. .. .oo    |
[   24.134968] cloud-init[968]: |..*o= .o + o .   |
[   24.135205] cloud-init[968]: | =.X B .+ + . . .|
[   24.135815] cloud-init[968]: |. = X =  . .   o |
[[0;32m  OK  [0m] Started ACPI Events Check.
[[   24.136003] cloud-init[0;32m  OK  [0m[968]: ] | o + + .S E . .  |Reached target Paths.

[   24.488928] cloud-init[968]: |  +   o  . . o   |
[   24.562928] cloud-init[968]: | .     .o . .    |
[   24.563364] cloud-init[968]: |        .* .     |
         Starting LXD - unix socket.
[   24.563788] cloud-init[968]: |         o*      |
[   24.600002] cloud-init[968]: +----[SHA256]-----+
[[0;32m  OK  [0m] Started Daily Cleanup of Temporary Directories.
[[   24.600387] cloud-init[968]: Generating public/private dsa key pair.
[   24.635962] cloud-init[968]: Your identification has been saved in /etc/ssh/ssh_host_dsa_key.
[   24.636443] cloud-init[968]: Your public key has been saved in /etc/ssh/ssh_host_dsa_key.pub.
[   24.636702] cloud-init[968]: The key fingerprint is:
[   24.636957] cloud-init[968]: SHA256:Rojj+lysAernC1odbKmWSi0tkze/YgzChBnMlP/mXhA root@ubuntu-xenial
[0;32m  OK  [0m] Started Daily apt download activities.
[   24.637260] cloud-init[968]: The key's randomart image is:
[[0;32m  OK  [0m] Started Daily apt upgrade and clean activities.
[[   24.708684] cloud-init[968]: +---[DSA 1024]----+
[   24.739464] cloud-init[968]: |+..              |
[0;32m  OK  [0m] Reached target Timers.
[   24.739819] cloud-init[968]: |.+   . .         |
[   24.750308] cloud-init[968]: |.o. oE. .        |
[[0;32m  OK  [0m] Reached target Cloud-config availability.
[   24.750518] cloud-init[968]: |o. + o..         |
[   24.757337] cloud-init[968]: |o . B.  S        |
[   24.759018] cloud-init[968]: |.++B =..         |
[   24.766113] cloud-init[968]: |oBO== o.         |
[   24.786066] cloud-init[968]: |++*Bo=.          |
[   24.786626] cloud-init[968]: |o.+oB+.          |
[[0;32m  OK  [0m] Listening on Socket activation for snappy daemon.
[[   24.787075] cloud-init[968]: +----[SHA256]-----+
[   24.863721] cloud-init[968]: Generating public/private ecdsa key pair.
[   24.863920] cloud-init[968]: Your identification has been saved in /etc/ssh/ssh_host_ecdsa_key.
[   24.866262] cloud-init[968]: Your public key has been saved in /etc/ssh/ssh_host_ecdsa_key.pub.
[0;32m  OK  [0m] Listening on LXD - unix socket.
[   24.868600] cloud-init[968]: The key fingerprint is:
[   24.892737] cloud-init[968]: SHA256:ZUTsO+PnlBPld8MPeNncZbWPz6hSb4yHU764T3Sccss root@ubuntu-xenial[
[0;32m  OK  [0m] Started iSCSI initiator daemon (iscsid).
[   24.893156] cloud-init[968]: The key's randomart image is:
[   24.925215] cloud-init[968]: +---[ECDSA 256]---+
[   24.933147] cloud-init[968]: |         oo     .|
[   24.942351] cloud-init[968]: |         ..     o|
[   24.947042] cloud-init[968]: |         .o   ..o|
[   24.964494] cloud-init[968]: |         o.  +.B=|
[   24.965060] cloud-init[968]: |        S  .o.B=X|
         Starting Login to default iSCSI targets...
[   24.965625] cloud-init[968]: |          + .==B=|
[   24.989481] cloud-init[968]: |         . ++BoE+|
[   24.991817] cloud-init[968]: |          o.==*  |
[   24.994798] cloud-init[968]: |           +=*o. |
[   24.996763] cloud-init[968]: +----[SHA256]-----+
[   24.998670] cloud-init[968]: Generating public/private ed25519 key pair.
[   25.001555] cloud-init[968]: Your identification has been saved in /etc/ssh/ssh_host_ed25519_key.
[   25.003853] cloud-init[968]: Your public key has been saved in /etc/ssh/ssh_host_ed25519_key.pub.
[   25.006558] cloud-init[968]: The key fingerprint is:
[   25.009242] cloud-init[968]: SHA256:aDbWdci9oC+Bc0O2FnQKWwtNGemZQmyiXr3n7jQxmqI root@ubuntu-xenial
[   25.009655] cloud-init[968]: The key's randomart image is:
[   25.011651] cloud-init[968]: +--[ED25519 256]--+
[   25.012945] cloud-init[968]: |     .oo=+.      |
[[0;32m  OK  [0m] Reached target Sockets.
[[   25.013436] cloud-init[968]: |    . +*+= o     |
[   25.081124] cloud-init[968]: |   . =..*o= o    |
[0;32m  OK  [0m] Reached target Basic System.
[   25.081415] cloud-init[968]: |  . . o*+= o .   |
[   25.095377] cloud-init[968]: | . .  OoS   .    |
[   25.106521] cloud-init[968]: |  .  +.B.*       |
[   25.108036] cloud-init[968]: |    . oo+ .      |
[   25.109827] cloud-init[968]: |   . . ..o       |
[   25.111296] cloud-init[968]: |  E    oo        |
[   25.136588] cloud-init[968]: +----[SHA256]-----+
         Starting System Logging Service...
         Starting Login Service...
         Starting Pollinate to seed the pseudo random number generator...
         Starting Accounts Service...
         Starting /etc/rc.local Compatibility...
[[0;32m  OK  [0m] Started FUSE filesystem for LXC.
         Starting Apply the settings specified in cloud-config...
[[0;32m  OK  [0m] Started Deferred execution scheduler.
[[0;32m  OK  [0m] Started D-Bus System Message Bus.
[[0;32m  OK  [0m] Started ACPI event daemon.
         Starting LSB: MD monitoring daemon...
         Starting LSB: Record successful boot for GRUB...
[[0;32m  OK  [0m] Started Regular background program processing daemon.
[[0;32m  OK  [0m] Started Unattended Upgrades Shutdown.
         Starting Virtualbox guest utils...
         Starting LXD - container startup/shutdown...
         Starting Snappy daemon...
[[0;32m  OK  [0m] Started System Logging Service.
[[0;32m  OK  [0m] Started /etc/rc.local Compatibility.
[[0;32m  OK  [0m] Started Login to default iSCSI targets.
[[0;32m  OK  [0m] Started Pollinate to seed the pseudo random number generator.
[[0;32m  OK  [0m] Started LSB: Record successful boot for GRUB.
[[0;32m  OK  [0m] Started LSB: MD monitoring daemon.
[[0;32m  OK  [0m] Started Login Service.
         Starting Authenticate and Authorize Users to Run Privileged Tasks...
         Starting OpenBSD Secure Shell server...
[[0;32m  OK  [0m] Reached target Remote File Systems (Pre).
[[0;32m  OK  [0m] Reached target Remote File Systems.
         Starting Permit User Sessions...
         Starting LSB: automatic crash report generation...
         Starting LSB: daemon to balance interrupts for SMP systems...
         Starting LSB: Set the CPU Frequency Scaling governor to "ondemand"...
[[0;32m  OK  [0m] Started OpenBSD Secure Shell server.
[[0;32m  OK  [0m] Started Snappy daemon.
[[0;32m  OK  [0m] Started LXD - container startup/shutdown.
[[0;32m  OK  [0m] Started Permit User Sessions.
[[0;32m  OK  [0m] Started Authenticate and Authorize Users to Run Privileged Tasks.
[[0;32m  OK  [0m] Started Accounts Service.
[[0;32m  OK  [0m] Started Virtualbox guest utils.
         Starting Terminate Plymouth Boot Screen...
         Starting Hold until boot process finishes up...
         Starting Wait until snapd is fully seeded...
[[0;32m  OK  [0m] Started LSB: automatic crash report generation.
[[0;32m  OK  [0m] Started LSB: daemon to balance interrupts for SMP systems.
[[0;32m  OK  [0m] Started LSB: Set the CPU Frequency Scaling governor to "ondemand".
[[0;32m  OK  [0m] Started Terminate Plymouth Boot Screen.
[[0;32m  OK  [0m] Started Hold until boot process finishes up.
         Starting Set console scheme...
[[0;32m  OK  [0m] Started Serial Getty on ttyS0.
[   26.641575] cloud-init[1113]: Generating locales (this might take a while)...
[[0;32m  OK  [0m] Started Getty on tty1.
[[0;32m  OK  [0m] Reached target Login Prompts.
[[0;32m  OK  [0m] Started Set console scheme.
[[0;32m  OK  [0m] Created slice User Slice of vagrant.
         Starting User Manager for UID 1000...
[[0;32m  OK  [0m] Started Session 1 of user vagrant.
[[0;32m  OK  [0m] Started User Manager for UID 1000.
[[0;32m  OK  [0m] Started Wait until snapd is fully seeded.
[[0;32m  OK  [0m] Reached target Multi-User System.
[[0;32m  OK  [0m] Reached target Graphical Interface.
         Starting Update UTMP about System Runlevel Changes...
[[0;32m  OK  [0m] Started Update UTMP about System Runlevel Changes.
[   27.976347] cloud-init[1113]:   en_US.UTF-8... done
[   27.993133] cloud-init[1113]: Generation complete.
[   28.607175] cloud-init[1113]: Cloud-init v. 18.2 running 'modules:config' at Fri, 03 Aug 2018 10:15:09 +0000. Up 26.13 seconds.
[[0;32m  OK  [0m] Started Apply the settings specified in cloud-config.
         Starting Execute cloud user/final scripts...
         Stopping User Manager for UID 1000...
[[0;32m  OK  [0m] Stopped User Manager for UID 1000.
[[0;32m  OK  [0m] Removed slice User Slice of vagrant.
[[0;32m  OK  [0m] Created slice User Slice of vagrant.
         Starting User Manager for UID 1000...
[[0;32m  OK  [0m] Started Session 2 of user vagrant.
[[0;32m  OK  [0m] Started User Manager for UID 1000.
ci-info: no authorized ssh keys fingerprints found for user ubuntu.
<14>Aug  3 10:15:12 ec2: 
<14>Aug  3 10:15:12 ec2: #############################################################
<14>Aug  3 10:15:12 ec2: -----BEGIN SSH HOST KEY FINGERPRINTS-----
<14>Aug  3 10:15:12 ec2: 1024 SHA256:Rojj+lysAernC1odbKmWSi0tkze/YgzChBnMlP/mXhA root@ubuntu-xenial (DSA)
<14>Aug  3 10:15:12 ec2: 256 SHA256:ZUTsO+PnlBPld8MPeNncZbWPz6hSb4yHU764T3Sccss root@ubuntu-xenial (ECDSA)
<14>Aug  3 10:15:12 ec2: 256 SHA256:aDbWdci9oC+Bc0O2FnQKWwtNGemZQmyiXr3n7jQxmqI root@ubuntu-xenial (ED25519)
<14>Aug  3 10:15:12 ec2: 2048 SHA256:+wzn6QIB28JQppS2lbxqNByvEPftwB3lH8nIVeR9Kgs root@ubuntu-xenial (RSA)
<14>Aug  3 10:15:12 ec2: -----END SSH HOST KEY FINGERPRINTS-----
<14>Aug  3 10:15:12 ec2: #############################################################
-----BEGIN SSH HOST KEY KEYS-----
ecdsa-sha2-nistp256 AAAAE2VjZHNhLXNoYTItbmlzdHAyNTYAAAAIbmlzdHAyNTYAAABBBNdF4GYRdafRCsfBivMly30TpcpuFy+gnPbmgBwggnAx/JIRk6GLWCzawGZK5whOik7Gzw1VFGJUW3NoQPcDFCU= root@ubuntu-xenial
ssh-ed25519 AAAAC3NzaC1lZDI1NTE5AAAAIGYPQOKIHUslLJ1C2UdKjoGQjXOgJQCCBQ3aExop/BQl root@ubuntu-xenial
ssh-rsa AAAAB3NzaC1yc2EAAAADAQABAAABAQDOA2AhT/GhXQKZ0ZZ0LJL+aWXjON5IB3sWP16iExQ3JhdL3nGtaoKMfq7eJKplvUP6LXU6OEC7rKogwRU+FhbugikcscEav5xlCCQS4njX/CLJ4BScfKsbLmmN5dN9SSibS8vcP350akOf6NlpQDRNu2XNDmkZRw4K4oyLuIMm4TJKQEErLHXXZzLILgYyVm91JOLqzRDu4CFVGtwT8SE5nqYl7zHQSkMODTl9hBvZdqF0bhzdmT+xvnCn7vBYChs/C3c7RRpuB2pjXE1t5NuXcWZEDIlNXxT2866Ec7GQ+Y6sN4XaiGXrd4R0eAQDyAGaAUlj8sjIRgYFSwSyiHlT root@ubuntu-xenial
-----END SSH HOST KEY KEYS-----
[   30.015236] cloud-init[1492]: Cloud-init v. 18.2 running 'modules:final' at Fri, 03 Aug 2018 10:15:12 +0000. Up 29.22 seconds.
[   30.096367] cloud-init[1492]: ci-info: no authorized ssh keys fingerprints found for user ubuntu.
[   30.110003] cloud-init[1492]: Cloud-init v. 18.2 finished at Fri, 03 Aug 2018 10:15:13 +0000. Datasource DataSourceNoCloud [seed=/dev/sdb][dsmode=net].  Up 30.00 seconds
[[0;32m  OK  [0m] Started Execute cloud user/final scripts.
[[0;32m  OK  [0m] Reached target Cloud-init target.

Ubuntu 16.04.4 LTS ubuntu-xenial ttyS0

ubuntu-xenial login: 